Benchmark: MTEB(Multilingual, v2)
Classification: |T_C|=43; metadata language exposure (subsets with <= 2 languages): {'fra': 4, 'ind': 3, 'tel': 1, 'kor': 2, 'swa': 4, 'fas': 1, 'tha': 1, 'jpn': 2, 'rus': 1, 'ita': 4, 'zho': 2, 'deu': 4, 'ben': 1, 'ara': 2, 'hin': 3, 'spa': 3, 'vie': 1}
STS: |T_C|=16; metadata language exposure (subsets with <= 2 languages): {'fra': 2, 'ind': 1, 'tel': 2, 'kor': 1, 'jpn': 1, 'rus': 1, 'ita': 2, 'zho': 2, 'deu': 3, 'ben': 1, 'ara': 3, 'hin': 2, 'spa': 3}
Reranking: |T_C|=6; metadata language exposure (subsets with <= 2 languages): {'fra': 1, 'fas': 1, 'jpn': 1, 'rus': 1, 'ita': 1, 'zho': 1, 'deu': 1, 'ben': 1, 'hin': 1}

=== SANITY B: spot-check of two task JSONs ===
[intfloat__multilingual-e5-small / STS22.v2] eval_splits=['test']
  raw test         subset=de-pl    languages=['deu-Latn', 'pol-Latn'] main_score=0.34551
  raw test         subset=ar       languages=['ara-Arab'] main_score=0.614387
  raw test         subset=pl       languages=['pol-Latn'] main_score=0.42173
  parsed task_score (pooled mean) = 0.658569
  parsed per-language ara = 0.614387
  parsed per-language deu = 0.527367
  parsed per-language fra = 0.752534
  parsed per-language ita = 0.760420
  parsed per-language rus = 0.660455
  parsed per-language spa = 0.746606
  parsed per-language zho = 0.672843
[intfloat__multilingual-e5-small / MassiveIntentClassification] eval_splits=['validation', 'test']
  raw test         subset=ru       languages=['rus-Cyrl'] main_score=0.569469
  raw test         subset=sq       languages=['sqi-Latn'] main_score=0.484297
  raw test         subset=ms       languages=['msa-Latn'] main_score=0.514997
  raw validation   subset=ru       languages=['rus-Cyrl'] main_score=0.575701
  raw validation   subset=sq       languages=['sqi-Latn'] main_score=0.493704
  raw validation   subset=ms       languages=['msa-Latn'] main_score=0.520167
  parsed task_score (pooled mean) = 0.515819
  parsed per-language ara = 0.466981
  parsed per-language ben = 0.511680
  parsed per-language deu = 0.540808
  parsed per-language fas = 0.575792
  parsed per-language fra = 0.563667
  parsed per-language hin = 0.550147
  parsed per-language ind = 0.562932
  parsed per-language ita = 0.579676
  parsed per-language jpn = 0.614206
  parsed per-language kor = 0.577813
  parsed per-language rus = 0.572585
  parsed per-language spa = 0.583020
  parsed per-language swa = 0.430472
  parsed per-language tel = 0.488171
  parsed per-language tha = 0.563456
  parsed per-language vie = 0.556454
  parsed per-language zho = 0.582789

=== SANITY A: retrieval extended-tier replication ===
Extended roster (all 18 retrieval task files present): 57 models
  ita: n_models=53 n_tasks=2 inv=0.1408
  jpn: n_models=54 n_tasks=2 inv=0.1551
  hin: n_models=53 n_tasks=4 inv=0.1306
  ara: n_models=54 n_tasks=3 inv=0.1335
  zho: n_models=54 n_tasks=3 inv=0.1544
  deu: n_models=53 n_tasks=4 inv=0.1321
  spa: n_models=28 n_tasks=4 inv=0.0397
  rus: n_models=57 n_tasks=2 inv=0.1729
  fra: n_models=54 n_tasks=2 inv=0.1824
  kor: n_models=54 n_tasks=2 inv=0.1530
  ben: n_models=53 n_tasks=3 inv=0.1386
  vie: n_models=54 n_tasks=2 inv=0.1258
  ind: n_models=54 n_tasks=2 inv=0.1579
  fas: n_models=53 n_tasks=3 inv=0.1538
  swa: n_models=54 n_tasks=2 inv=0.1705
  tha: n_models=54 n_tasks=2 inv=0.1600
  tel: n_models=54 n_tasks=2 inv=0.1726
Replicated retrieval extended median inversion = 0.1538 (15.4%) over 17 languages
Anchor = 15.4%  ->  PASS

Scanning results repository for the three categories ...
Scanned 576 model directories under C:\D_Backup\Archit_repo\MTEB_try_code\mteb_audit_data\mteb_results_repo\results
Classification: 236 models with >=1 task file
STS: 207 models with >=1 task file
Reranking: 131 models with >=1 task file
Curated roster: 25 models

--- Classification / extended (|T_C|=43, coverage>=80%)
    roster after coverage filter: 54 models
    languages kept: 11  median_inv=0.102  median_tau=0.797  FDR rejects: 11  rho(n_t, inv)=-0.591 (p=0.055)
    skipped tel: n_tasks=1 (<2; candidates=1, meta=1)
    skipped fas: n_tasks=1 (<2; candidates=1, meta=1)
    skipped tha: n_tasks=1 (<2; candidates=1, meta=1)
    skipped rus: n_tasks=1 (<2; candidates=1, meta=1)
    skipped ben: n_tasks=1 (<2; candidates=1, meta=1)
    skipped vie: n_tasks=1 (<2; candidates=1, meta=1)
    wrote summary_classification_extended.csv (11 rows)

--- Classification / curated25 (|T_C|=43, coverage>=80%)
    roster after coverage filter: 22 models
    languages kept: 11  median_inv=0.156  median_tau=0.688  FDR rejects: 11  rho(n_t, inv)=-0.237 (p=0.484)
    skipped tel: n_tasks=1 (<2; candidates=1, meta=1)
    skipped fas: n_tasks=1 (<2; candidates=1, meta=1)
    skipped tha: n_tasks=1 (<2; candidates=1, meta=1)
    skipped rus: n_tasks=1 (<2; candidates=1, meta=1)
    skipped ben: n_tasks=1 (<2; candidates=1, meta=1)
    skipped vie: n_tasks=1 (<2; candidates=1, meta=1)
    wrote summary_classification_curated25.csv (11 rows)

--- STS / extended (|T_C|=16, coverage>=80%)
    roster after coverage filter: 53 models
    languages kept: 8  median_inv=0.102  median_tau=0.796  FDR rejects: 8  rho(n_t, inv)=-0.056 (p=0.895)
    skipped ind: n_tasks=1 (<2; candidates=1, meta=1)
    skipped kor: n_tasks=1 (<2; candidates=1, meta=1)
    skipped swa: no data
    skipped fas: no data
    skipped tha: no data
    skipped jpn: n_tasks=1 (<2; candidates=1, meta=1)
    skipped rus: n_tasks=1 (<2; candidates=1, meta=1)
    skipped ben: n_tasks=1 (<2; candidates=1, meta=1)
    skipped vie: no data
    wrote summary_sts_extended.csv (8 rows)

--- STS / curated25 (|T_C|=16, coverage>=80%)
    roster after coverage filter: 22 models
    languages kept: 8  median_inv=0.190  median_tau=0.619  FDR rejects: 8  rho(n_t, inv)=-0.169 (p=0.689)
    skipped ind: n_tasks=1 (<2; candidates=1, meta=1)
    skipped kor: n_tasks=1 (<2; candidates=1, meta=1)
    skipped swa: no data
    skipped fas: no data
    skipped tha: no data
    skipped jpn: n_tasks=1 (<2; candidates=1, meta=1)
    skipped rus: n_tasks=1 (<2; candidates=1, meta=1)
    skipped ben: n_tasks=1 (<2; candidates=1, meta=1)
    skipped vie: no data
    wrote summary_sts_curated25.csv (8 rows)

--- Reranking / extended (|T_C|=6, coverage>=80%)
    roster after coverage filter: 56 models
    languages kept: 0  median_inv=nan  median_tau=nan  FDR rejects: 0  rho(n_t, inv)=nan (p=nan)
    skipped fra: n_tasks=1 (<2; candidates=1, meta=1)
    skipped ind: no data
    skipped tel: no data
    skipped kor: no data
    skipped swa: no data
    skipped fas: n_tasks=1 (<2; candidates=1, meta=1)
    skipped tha: no data
    skipped jpn: n_tasks=1 (<2; candidates=1, meta=1)
    skipped rus: n_tasks=1 (<2; candidates=1, meta=1)
    skipped ita: n_tasks=1 (<2; candidates=1, meta=1)
    skipped zho: n_tasks=1 (<2; candidates=1, meta=1)
    skipped deu: n_tasks=1 (<2; candidates=1, meta=1)
    skipped ben: n_tasks=1 (<2; candidates=1, meta=1)
    skipped ara: no data
    skipped hin: n_tasks=1 (<2; candidates=1, meta=1)
    skipped spa: no data
    skipped vie: no data
    wrote summary_reranking_extended.csv (0 rows)

--- Reranking / curated25 (|T_C|=6, coverage>=80%)
    roster after coverage filter: 22 models
    languages kept: 0  median_inv=nan  median_tau=nan  FDR rejects: 0  rho(n_t, inv)=nan (p=nan)
    skipped fra: n_tasks=1 (<2; candidates=1, meta=1)
    skipped ind: no data
    skipped tel: no data
    skipped kor: no data
    skipped swa: no data
    skipped fas: n_tasks=1 (<2; candidates=1, meta=1)
    skipped tha: no data
    skipped jpn: n_tasks=1 (<2; candidates=1, meta=1)
    skipped rus: n_tasks=1 (<2; candidates=1, meta=1)
    skipped ita: n_tasks=1 (<2; candidates=1, meta=1)
    skipped zho: n_tasks=1 (<2; candidates=1, meta=1)
    skipped deu: n_tasks=1 (<2; candidates=1, meta=1)
    skipped ben: n_tasks=1 (<2; candidates=1, meta=1)
    skipped ara: no data
    skipped hin: n_tasks=1 (<2; candidates=1, meta=1)
    skipped spa: no data
    skipped vie: no data
    wrote summary_reranking_curated25.csv (0 rows)

=== HEADLINE ===
      category    roster  n_models_roster  n_langs  median_inversion  median_tau  n_FDR_reject  rho_nt_inversion  rho_p  median_n_models  underpowered
Classification  extended               54       11            0.1016      0.7968            11           -0.5913 0.0554             53.0         False
Classification curated25               22       11            0.1558      0.6883            11           -0.2365 0.4838             22.0         False
           STS  extended               53        8            0.1022      0.7957             8           -0.0563 0.8946             51.5         False
           STS curated25               22        8            0.1905      0.6190             8           -0.1690 0.6891             21.5         False
     Reranking  extended               56        0               NaN         NaN             0               NaN    NaN              NaN         False
     Reranking curated25               22        0               NaN         NaN             0               NaN    NaN              NaN         False

Retrieval sanity: replicated extended median inversion = 15.4% over 17 languages (PASS vs 15.4% anchor)
Done.
